
[Process Information]
CPU Time: 120
Waiting Time: 53
Turnaround Time: 173
I/O Time: 0
Largest Stack Size: 1

[System Information]
System Time: 0
System CPU Util: 100%
User CPU Util: 0%
Throughput: 1.7341e-06
